\BOOKMARK [0][-]{chapter*.1}{\376\377\000R\000\351\000s\000u\000m\000\351}{}% 1
\BOOKMARK [0][-]{chapter*.3}{\376\377\000L\000i\000s\000t\000e\000\040\000d\000e\000s\000\040\000f\000i\000g\000u\000r\000e\000s}{}% 2
\BOOKMARK [0][-]{chapter*.4}{\376\377\000L\000i\000s\000t\000e\000\040\000d\000e\000s\000\040\000t\000a\000b\000l\000e\000a\000u\000x}{}% 3
\BOOKMARK [0][-]{chapter.1}{\376\377\000I\000n\000t\000r\000o\000d\000u\000c\000t\000i\000o\000n\000\040\000e\000t\000\040\000c\000o\000n\000t\000e\000x\000t\000e}{}% 4
\BOOKMARK [1][-]{section.1.1}{\376\377\000P\000r\000\351\000s\000e\000n\000t\000a\000t\000i\000o\000n\000\040\000d\000u\000\040\000p\000r\000o\000j\000e\000t}{chapter.1}% 5
\BOOKMARK [1][-]{section.1.2}{\376\377\000P\000r\000o\000b\000l\000\351\000m\000a\000t\000i\000q\000u\000e\000\040\000i\000n\000d\000u\000s\000t\000r\000i\000e\000l\000l\000e}{chapter.1}% 6
\BOOKMARK [1][-]{section.1.3}{\376\377\000O\000b\000j\000e\000c\000t\000i\000f\000s\000\040\000d\000u\000\040\000p\000r\000o\000j\000e\000t}{chapter.1}% 7
\BOOKMARK [1][-]{section.1.4}{\376\377\000S\000t\000r\000u\000c\000t\000u\000r\000e\000\040\000d\000u\000\040\000r\000a\000p\000p\000o\000r\000t}{chapter.1}% 8
\BOOKMARK [0][-]{chapter.2}{\376\377\000A\000r\000c\000h\000i\000t\000e\000c\000t\000u\000r\000e\000\040\000g\000\351\000n\000\351\000r\000a\000l\000e\000\040\000d\000u\000\040\000s\000y\000s\000t\000\350\000m\000e}{}% 9
\BOOKMARK [1][-]{section.2.1}{\376\377\000V\000u\000e\000\040\000d\000'\000e\000n\000s\000e\000m\000b\000l\000e}{chapter.2}% 10
\BOOKMARK [1][-]{section.2.2}{\376\377\000F\000l\000u\000x\000\040\000d\000e\000\040\000d\000o\000n\000n\000\351\000e\000s}{chapter.2}% 11
\BOOKMARK [1][-]{section.2.3}{\376\377\000C\000h\000o\000i\000x\000\040\000t\000e\000c\000h\000n\000o\000l\000o\000g\000i\000q\000u\000e\000s}{chapter.2}% 12
\BOOKMARK [1][-]{section.2.4}{\376\377\000P\000r\000o\000t\000o\000c\000o\000l\000e\000\040\000d\000e\000\040\000c\000o\000m\000m\000u\000n\000i\000c\000a\000t\000i\000o\000n\000\040\000E\000S\000P\0003\0002\000\040\041\222\000\040\000S\000e\000r\000v\000e\000u\000r}{chapter.2}% 13
\BOOKMARK [0][-]{chapter.3}{\376\377\000M\000a\000t\000\351\000r\000i\000e\000l\000\040\000\351\000l\000e\000c\000t\000r\000o\000n\000i\000q\000u\000e\000\040\000e\000t\000\040\000c\000o\000n\000c\000e\000p\000t\000i\000o\000n\000\040\000P\000C\000B}{}% 14
\BOOKMARK [1][-]{section.3.1}{\376\377\000C\000o\000m\000p\000o\000s\000a\000n\000t\000s\000\040\000u\000t\000i\000l\000i\000s\000\351\000s}{chapter.3}% 15
\BOOKMARK [1][-]{section.3.2}{\376\377\000C\000a\000p\000t\000e\000u\000r\000\040\000d\000e\000\040\000p\000H\000\040\040\024\000\040\000P\000H\000-\0004\0005\0000\0002\000C}{chapter.3}% 16
\BOOKMARK [2][-]{subsection.3.2.1}{\376\377\000P\000r\000i\000n\000c\000i\000p\000e\000\040\000d\000e\000\040\000f\000o\000n\000c\000t\000i\000o\000n\000n\000e\000m\000e\000n\000t}{section.3.2}% 17
\BOOKMARK [2][-]{subsection.3.2.2}{\376\377\000I\000m\000p\000l\000\351\000m\000e\000n\000t\000a\000t\000i\000o\000n\000\040\000s\000u\000r\000\040\000E\000S\000P\0003\0002}{section.3.2}% 18
\BOOKMARK [2][-]{subsection.3.2.3}{\376\377\000F\000i\000l\000t\000r\000a\000g\000e\000\040\000n\000u\000m\000\351\000r\000i\000q\000u\000e}{section.3.2}% 19
\BOOKMARK [1][-]{section.3.3}{\376\377\000C\000a\000p\000t\000e\000u\000r\000\040\000d\000e\000\040\000t\000u\000r\000b\000i\000d\000i\000t\000\351\000\040\040\024\000\040\000K\000e\000y\000e\000s\000t\000u\000d\000i\000o\000\040\000V\0001\000.\0000}{chapter.3}% 20
\BOOKMARK [1][-]{section.3.4}{\376\377\000C\000a\000p\000t\000e\000u\000r\000\040\000D\000S\0001\0008\000B\0002\0000}{chapter.3}% 21
\BOOKMARK [1][-]{section.3.5}{\376\377\000C\000o\000n\000c\000e\000p\000t\000i\000o\000n\000\040\000P\000C\000B\000\040\040\024\000\040\000K\000i\000C\000a\000d}{chapter.3}% 22
\BOOKMARK [2][-]{subsection.3.5.1}{\376\377\000O\000b\000j\000e\000c\000t\000i\000f\000s\000\040\000d\000e\000\040\000l\000a\000\040\000c\000a\000r\000t\000e}{section.3.5}% 23
\BOOKMARK [2][-]{subsection.3.5.2}{\376\377\000C\000a\000r\000a\000c\000t\000\351\000r\000i\000s\000t\000i\000q\000u\000e\000s\000\040\000t\000e\000c\000h\000n\000i\000q\000u\000e\000s}{section.3.5}% 24
\BOOKMARK [2][-]{subsection.3.5.3}{\376\377\000F\000i\000c\000h\000i\000e\000r\000s\000\040\000d\000e\000\040\000f\000a\000b\000r\000i\000c\000a\000t\000i\000o\000n}{section.3.5}% 25
\BOOKMARK [0][-]{chapter.4}{\376\377\000F\000i\000r\000m\000w\000a\000r\000e\000\040\000E\000S\000P\0003\0002}{}% 26
\BOOKMARK [1][-]{section.4.1}{\376\377\000O\000r\000g\000a\000n\000i\000s\000a\000t\000i\000o\000n\000\040\000d\000u\000\040\000p\000r\000o\000j\000e\000t\000\040\000P\000l\000a\000t\000f\000o\000r\000m\000I\000O}{chapter.4}% 27
\BOOKMARK [1][-]{section.4.2}{\376\377\000B\000o\000u\000c\000l\000e\000\040\000p\000r\000i\000n\000c\000i\000p\000a\000l\000e\000\040\000n\000o\000n\000-\000b\000l\000o\000q\000u\000a\000n\000t\000e}{chapter.4}% 28
\BOOKMARK [1][-]{section.4.3}{\376\377\000C\000o\000n\000f\000i\000g\000u\000r\000a\000t\000i\000o\000n\000\040\000c\000e\000n\000t\000r\000a\000l\000i\000s\000\351\000e}{chapter.4}% 29
\BOOKMARK [1][-]{section.4.4}{\376\377\000E\000n\000v\000o\000i\000\040\000H\000T\000T\000P}{chapter.4}% 30
\BOOKMARK [1][-]{section.4.5}{\376\377\000F\000i\000r\000m\000w\000a\000r\000e\000\040\000E\000S\000P\0003\0002\000-\000C\000A\000M}{chapter.4}% 31
\BOOKMARK [2][-]{subsection.4.5.1}{\376\377\000I\000n\000i\000t\000i\000a\000l\000i\000s\000a\000t\000i\000o\000n\000\040\000d\000e\000\040\000l\000a\000\040\000c\000a\000m\000\351\000r\000a\000\040\000O\000V\0002\0006\0004\0000}{section.4.5}% 32
\BOOKMARK [2][-]{subsection.4.5.2}{\376\377\000S\000t\000r\000e\000a\000m\000i\000n\000g\000\040\000M\000J\000P\000E\000G\000\040\000p\000a\000r\000\040\000c\000h\000u\000n\000k\000s\000\040\000H\000T\000T\000P}{section.4.5}% 33
\BOOKMARK [0][-]{chapter.5}{\376\377\000S\000e\000r\000v\000e\000u\000r\000\040\000N\000o\000d\000e\000.\000j\000s}{}% 34
\BOOKMARK [1][-]{section.5.1}{\376\377\000A\000r\000c\000h\000i\000t\000e\000c\000t\000u\000r\000e\000\040\000d\000u\000\040\000s\000e\000r\000v\000e\000u\000r}{chapter.5}% 35
\BOOKMARK [1][-]{section.5.2}{\376\377\000E\000n\000r\000e\000g\000i\000s\000t\000r\000e\000m\000e\000n\000t\000\040\000C\000S\000V\000\040\000a\000u\000t\000o\000m\000a\000t\000i\000q\000u\000e}{chapter.5}% 36
\BOOKMARK [1][-]{section.5.3}{\376\377\000I\000n\000t\000\351\000g\000r\000a\000t\000i\000o\000n\000\040\000d\000u\000\040\000m\000i\000c\000r\000o\000s\000e\000r\000v\000i\000c\000e\000\040\000I\000A}{chapter.5}% 37
\BOOKMARK [1][-]{section.5.4}{\376\377\000P\000r\000o\000x\000y\000\040\000M\000J\000P\000E\000G}{chapter.5}% 38
\BOOKMARK [0][-]{chapter.6}{\376\377\000M\000o\000d\000u\000l\000e\000\040\000d\000'\000i\000n\000t\000e\000l\000l\000i\000g\000e\000n\000c\000e\000\040\000a\000r\000t\000i\000f\000i\000c\000i\000e\000l\000l\000e}{}% 39
\BOOKMARK [1][-]{section.6.1}{\376\377\000P\000r\000o\000b\000l\000\351\000m\000a\000t\000i\000q\000u\000e\000\040\000d\000e\000\040\000l\000a\000\040\000d\000\351\000t\000e\000c\000t\000i\000o\000n\000\040\000d\000'\000a\000n\000o\000m\000a\000l\000i\000e\000s}{chapter.6}% 40
\BOOKMARK [1][-]{section.6.2}{\376\377\000C\000h\000o\000i\000x\000\040\000d\000e\000\040\000l\000'\000a\000l\000g\000o\000r\000i\000t\000h\000m\000e\000\040\000:\000\040\000I\000s\000o\000l\000a\000t\000i\000o\000n\000\040\000F\000o\000r\000e\000s\000t}{chapter.6}% 41
\BOOKMARK [2][-]{subsection.6.2.1}{\376\377\000P\000r\000i\000n\000c\000i\000p\000e}{section.6.2}% 42
\BOOKMARK [2][-]{subsection.6.2.2}{\376\377\000C\000o\000m\000p\000a\000r\000a\000i\000s\000o\000n\000\040\000a\000v\000e\000c\000\040\000l\000e\000s\000\040\000a\000l\000t\000e\000r\000n\000a\000t\000i\000v\000e\000s}{section.6.2}% 43
\BOOKMARK [1][-]{section.6.3}{\376\377\000A\000r\000c\000h\000i\000t\000e\000c\000t\000u\000r\000e\000\040\000d\000u\000\040\000m\000i\000c\000r\000o\000s\000e\000r\000v\000i\000c\000e\000\040\000F\000l\000a\000s\000k}{chapter.6}% 44
\BOOKMARK [1][-]{section.6.4}{\376\377\000P\000i\000p\000e\000l\000i\000n\000e\000\040\000d\000'\000e\000n\000t\000r\000a\000\356\000n\000e\000m\000e\000n\000t}{chapter.6}% 45
\BOOKMARK [1][-]{section.6.5}{\376\377\000P\000i\000p\000e\000l\000i\000n\000e\000\040\000d\000'\000i\000n\000f\000\351\000r\000e\000n\000c\000e}{chapter.6}% 46
\BOOKMARK [1][-]{section.6.6}{\376\377\000P\000e\000r\000s\000i\000s\000t\000a\000n\000c\000e\000\040\000d\000u\000\040\000m\000o\000d\000\350\000l\000e}{chapter.6}% 47
\BOOKMARK [1][-]{section.6.7}{\376\377\000W\000o\000r\000k\000f\000l\000o\000w\000\040\000d\000'\000u\000t\000i\000l\000i\000s\000a\000t\000i\000o\000n}{chapter.6}% 48
\BOOKMARK [0][-]{chapter.7}{\376\377\000T\000a\000b\000l\000e\000a\000u\000\040\000d\000e\000\040\000b\000o\000r\000d\000\040\000w\000e\000b}{}% 49
\BOOKMARK [1][-]{section.7.1}{\376\377\000A\000r\000c\000h\000i\000t\000e\000c\000t\000u\000r\000e\000\040\000f\000r\000o\000n\000t\000e\000n\000d}{chapter.7}% 50
\BOOKMARK [1][-]{section.7.2}{\376\377\000O\000r\000g\000a\000n\000i\000s\000a\000t\000i\000o\000n\000\040\000e\000n\000\040\000o\000n\000g\000l\000e\000t\000s}{chapter.7}% 51
\BOOKMARK [2][-]{subsection.7.2.1}{\376\377\000O\000n\000g\000l\000e\000t\000\040\000D\000a\000s\000h\000b\000o\000a\000r\000d}{section.7.2}% 52
\BOOKMARK [2][-]{subsection.7.2.2}{\376\377\000O\000n\000g\000l\000e\000t\000\040\000G\000r\000a\000p\000h\000i\000q\000u\000e\000s}{section.7.2}% 53
\BOOKMARK [1][-]{section.7.3}{\376\377\000S\000y\000s\000t\000\350\000m\000e\000\040\000d\000e\000\040\000p\000o\000l\000l\000i\000n\000g}{chapter.7}% 54
\BOOKMARK [1][-]{section.7.4}{\376\377\000G\000e\000s\000t\000i\000o\000n\000\040\000d\000e\000s\000\040\000a\000l\000e\000r\000t\000e\000s}{chapter.7}% 55
\BOOKMARK [1][-]{section.7.5}{\376\377\000I\000n\000t\000e\000r\000f\000a\000c\000e\000\040\000d\000'\000e\000n\000t\000r\000a\000\356\000n\000e\000m\000e\000n\000t\000\040\000I\000A}{chapter.7}% 56
\BOOKMARK [0][-]{chapter.8}{\376\377\000R\000\351\000s\000u\000l\000t\000a\000t\000s\000\040\000e\000t\000\040\000v\000a\000l\000i\000d\000a\000t\000i\000o\000n}{}% 57
\BOOKMARK [1][-]{section.8.1}{\376\377\000T\000e\000s\000t\000s\000\040\000d\000u\000\040\000f\000i\000r\000m\000w\000a\000r\000e}{chapter.8}% 58
\BOOKMARK [2][-]{subsection.8.1.1}{\376\377\000L\000e\000c\000t\000u\000r\000e\000\040\000d\000e\000s\000\040\000c\000a\000p\000t\000e\000u\000r\000s}{section.8.1}% 59
\BOOKMARK [1][-]{section.8.2}{\376\377\000T\000e\000s\000t\000s\000\040\000d\000u\000\040\000m\000o\000d\000\350\000l\000e\000\040\000I\000A}{chapter.8}% 60
\BOOKMARK [1][-]{section.8.3}{\376\377\000P\000e\000r\000f\000o\000r\000m\000a\000n\000c\000e\000\040\000d\000u\000\040\000s\000y\000s\000t\000\350\000m\000e}{chapter.8}% 61
\BOOKMARK [0][-]{chapter.9}{\376\377\000C\000o\000n\000c\000l\000u\000s\000i\000o\000n\000\040\000e\000t\000\040\000p\000e\000r\000s\000p\000e\000c\000t\000i\000v\000e\000s}{}% 62
\BOOKMARK [1][-]{section.9.1}{\376\377\000B\000i\000l\000a\000n\000\040\000d\000u\000\040\000p\000r\000o\000j\000e\000t}{chapter.9}% 63
\BOOKMARK [1][-]{section.9.2}{\376\377\000C\000o\000m\000p\000\351\000t\000e\000n\000c\000e\000s\000\040\000d\000\351\000v\000e\000l\000o\000p\000p\000\351\000e\000s}{chapter.9}% 64
\BOOKMARK [1][-]{section.9.3}{\376\377\000P\000e\000r\000s\000p\000e\000c\000t\000i\000v\000e\000s\000\040\000d\000'\000a\000m\000\351\000l\000i\000o\000r\000a\000t\000i\000o\000n}{chapter.9}% 65
\BOOKMARK [2][-]{subsection.9.3.1}{\376\377\000C\000o\000u\000r\000t\000\040\000t\000e\000r\000m\000e}{section.9.3}% 66
\BOOKMARK [2][-]{subsection.9.3.2}{\376\377\000M\000o\000y\000e\000n\000\040\000t\000e\000r\000m\000e}{section.9.3}% 67
\BOOKMARK [2][-]{subsection.9.3.3}{\376\377\000L\000o\000n\000g\000\040\000t\000e\000r\000m\000e}{section.9.3}% 68
\BOOKMARK [0][-]{chapter*.16}{\376\377\000R\000\351\000f\000\351\000r\000e\000n\000c\000e\000s\000\040\000b\000i\000b\000l\000i\000o\000g\000r\000a\000p\000h\000i\000q\000u\000e\000s}{}% 69
\BOOKMARK [0][-]{appendix.A}{\376\377\000A\000n\000n\000e\000x\000e\000\040\000A\000\040\040\024\000\040\000S\000c\000h\000\351\000m\000a\000\040\000d\000e\000\040\000c\000\342\000b\000l\000a\000g\000e\000\040\000E\000S\000P\0003\0002}{}% 70
\BOOKMARK [0][-]{appendix.B}{\376\377\000A\000n\000n\000e\000x\000e\000\040\000B\000\040\040\024\000\040\000G\000u\000i\000d\000e\000\040\000d\000e\000\040\000d\000\351\000m\000a\000r\000r\000a\000g\000e\000\040\000r\000a\000p\000i\000d\000e}{}% 71
\BOOKMARK [1][-]{section.B.1}{\376\377\000P\000r\000\351\000r\000e\000q\000u\000i\000s}{appendix.B}% 72
\BOOKMARK [1][-]{section.B.2}{\376\377\000I\000n\000s\000t\000a\000l\000l\000a\000t\000i\000o\000n}{appendix.B}% 73
\BOOKMARK [1][-]{section.B.3}{\376\377\000F\000l\000a\000s\000h\000\040\000d\000u\000\040\000f\000i\000r\000m\000w\000a\000r\000e\000\040\000E\000S\000P\0003\0002}{appendix.B}% 74
\BOOKMARK [1][-]{section.B.4}{\376\377\000P\000r\000e\000m\000i\000e\000r\000\040\000e\000n\000t\000r\000a\000\356\000n\000e\000m\000e\000n\000t\000\040\000d\000u\000\040\000m\000o\000d\000\350\000l\000e}{appendix.B}% 75
\BOOKMARK [0][-]{appendix.C}{\376\377\000A\000n\000n\000e\000x\000e\000\040\000C\000\040\040\024\000\040\000S\000t\000r\000u\000c\000t\000u\000r\000e\000\040\000d\000u\000\040\000d\000\351\000p\000\364\000t\000\040\000G\000i\000t\000H\000u\000b}{}% 76
